../Core/Src/main.c:100:5:main	8	static
../Core/Src/main.c:191:6:SystemClock_Config	88	static
../Core/Src/main.c:238:13:MX_GPIO_Init	40	static
../Core/Src/main.c:263:6:AccessSharedData	8	static
../Core/Src/main.c:282:6:SimulateReadWriteOperation	16	static,ignoring_inline_asm
../Core/Src/main.c:300:6:StartDefaultTask	16	static
../Core/Src/main.c:318:6:GREENLED	16	static
../Core/Src/main.c:351:6:REDLED	16	static
../Core/Src/main.c:384:6:YELLOWLED	16	static
../Core/Src/main.c:404:6:HAL_TIM_PeriodElapsedCallback	16	static
../Core/Src/main.c:421:6:Error_Handler	4	static,ignoring_inline_asm
